// Jest Snapshot v1, https://goo.gl/fbAQLP

exports[`Address Information Component Snapshot should match a snapshot 1`] = `
Object {
  "asFragment": [Function],
  "baseElement": <body>
    <div>
      <form>
        <div
          class="mock-combined-css-class"
        >
          <div>
            <div>
              <div>
                <input
                  id="test-static-id"
                  name="primaryAddress.type"
                  type="hidden"
                  value="urlDocumentPrimaryAddress.png"
                />
              </div>
            </div>
            <div>
              <div>
                <input
                  autocomplete="off"
                  data-testid="test.primaryAddress.buildingName"
                  id="test-static-id"
                  name="primaryAddress.buildingName"
                  type="text"
                />
                <label
                  for="test-static-id"
                >
                  Building Name
                </label>
              </div>
            </div>
            <div>
              <div>
                <input
                  autocomplete="off"
                  data-testid="test.primaryAddress.buildingNumber"
                  id="test-static-id"
                  name="primaryAddress.buildingNumber"
                  type="text"
                />
                <label
                  for="test-static-id"
                >
                  Building Number
                </label>
              </div>
            </div>
            <div>
              <div>
                <input
                  autocomplete="off"
                  data-testid="test.primaryAddress.postcode"
                  id="test-static-id"
                  name="primaryAddress.postcode"
                  type="text"
                />
                <label
                  for="test-static-id"
                >
                  Post Code *
                </label>
              </div>
            </div>
          </div>
          <div>
            <div>
              <div>
                <input
                  autocomplete="off"
                  data-testid="test.primaryAddress.line1"
                  id="test-static-id"
                  name="primaryAddress.line1"
                  type="text"
                />
                <label
                  for="test-static-id"
                >
                  Line 1 *
                </label>
              </div>
            </div>
            <div>
              <div>
                <input
                  autocomplete="off"
                  data-testid="test.primaryAddress.line2"
                  id="test-static-id"
                  name="primaryAddress.line2"
                  type="text"
                />
                <label
                  for="test-static-id"
                >
                  Line 2
                </label>
              </div>
            </div>
            <div>
              <div>
                <input
                  autocomplete="off"
                  data-testid="test.primaryAddress.line3"
                  id="test-static-id"
                  name="primaryAddress.line3"
                  type="text"
                />
                <label
                  for="test-static-id"
                >
                  Line 3 *
                </label>
              </div>
            </div>
            <div>
              <div>
                <input
                  autocomplete="off"
                  data-testid="test.primaryAddress.line4"
                  id="test-static-id"
                  name="primaryAddress.line4"
                  type="text"
                />
                <label
                  for="test-static-id"
                >
                  Line 4
                </label>
              </div>
            </div>
          </div>
          <div
            data-testid="option.field.wrapper"
          >
            <div>
              <div>
                <label>
                  Number of Years at Address *
                </label>
                <select
                  data-testid="test.metadata.primaryAddress.year"
                  name="metadata.primaryAddress.year"
                >
                  <option
                    value="0"
                  >
                    0
                  </option>
                  <option
                    value="1"
                  >
                    1
                  </option>
                  <option
                    value="2"
                  >
                    2
                  </option>
                  <option
                    value="3"
                  >
                    3
                  </option>
                  <option
                    value="4"
                  >
                    4
                  </option>
                  <option
                    value="5"
                  >
                    5
                  </option>
                  <option
                    value="6"
                  >
                    6
                  </option>
                  <option
                    value="7"
                  >
                    7
                  </option>
                  <option
                    value="8"
                  >
                    8
                  </option>
                  <option
                    value="9"
                  >
                    9
                  </option>
                  <option
                    value="10"
                  >
                    10
                  </option>
                  <option
                    value="11"
                  >
                    11
                  </option>
                  <option
                    value="12"
                  >
                    12
                  </option>
                  <option
                    value="13"
                  >
                    13
                  </option>
                  <option
                    value="14"
                  >
                    14
                  </option>
                  <option
                    value="15"
                  >
                    15
                  </option>
                  <option
                    value="16"
                  >
                    16
                  </option>
                  <option
                    value="17"
                  >
                    17
                  </option>
                  <option
                    value="18"
                  >
                    18
                  </option>
                  <option
                    value="19"
                  >
                    19
                  </option>
                  <option
                    value="20"
                  >
                    20
                  </option>
                  <option
                    value="21"
                  >
                    21
                  </option>
                  <option
                    value="22"
                  >
                    22
                  </option>
                  <option
                    value="23"
                  >
                    23
                  </option>
                  <option
                    value="24"
                  >
                    24
                  </option>
                  <option
                    value="25"
                  >
                    25
                  </option>
                  <option
                    value="26"
                  >
                    26
                  </option>
                  <option
                    value="27"
                  >
                    27
                  </option>
                  <option
                    value="28"
                  >
                    28
                  </option>
                  <option
                    value="29"
                  >
                    29
                  </option>
                  <option
                    value="30"
                  >
                    30
                  </option>
                  <option
                    value="31"
                  >
                    31
                  </option>
                  <option
                    value="32"
                  >
                    32
                  </option>
                  <option
                    value="33"
                  >
                    33
                  </option>
                  <option
                    value="34"
                  >
                    34
                  </option>
                  <option
                    value="35"
                  >
                    35
                  </option>
                  <option
                    value="36"
                  >
                    36
                  </option>
                  <option
                    value="37"
                  >
                    37
                  </option>
                  <option
                    value="38"
                  >
                    38
                  </option>
                  <option
                    value="39"
                  >
                    39
                  </option>
                  <option
                    value="40"
                  >
                    40
                  </option>
                  <option
                    value="41"
                  >
                    41
                  </option>
                  <option
                    value="42"
                  >
                    42
                  </option>
                  <option
                    value="43"
                  >
                    43
                  </option>
                  <option
                    value="44"
                  >
                    44
                  </option>
                  <option
                    value="45"
                  >
                    45
                  </option>
                  <option
                    value="46"
                  >
                    46
                  </option>
                  <option
                    value="47"
                  >
                    47
                  </option>
                  <option
                    value="48"
                  >
                    48
                  </option>
                  <option
                    value="49"
                  >
                    49
                  </option>
                  <option
                    value="50"
                  >
                    50
                  </option>
                  <option
                    value="51"
                  >
                    51
                  </option>
                  <option
                    value="52"
                  >
                    52
                  </option>
                  <option
                    value="53"
                  >
                    53
                  </option>
                  <option
                    value="54"
                  >
                    54
                  </option>
                  <option
                    value="55"
                  >
                    55
                  </option>
                  <option
                    value="56"
                  >
                    56
                  </option>
                  <option
                    value="57"
                  >
                    57
                  </option>
                  <option
                    value="58"
                  >
                    58
                  </option>
                  <option
                    value="59"
                  >
                    59
                  </option>
                  <option
                    value="60"
                  >
                    60
                  </option>
                  <option
                    value="61"
                  >
                    61
                  </option>
                  <option
                    value="62"
                  >
                    62
                  </option>
                  <option
                    value="63"
                  >
                    63
                  </option>
                  <option
                    value="64"
                  >
                    64
                  </option>
                  <option
                    value="65"
                  >
                    65
                  </option>
                  <option
                    value="66"
                  >
                    66
                  </option>
                  <option
                    value="67"
                  >
                    67
                  </option>
                  <option
                    value="68"
                  >
                    68
                  </option>
                  <option
                    value="69"
                  >
                    69
                  </option>
                  <option
                    value="70"
                  >
                    70
                  </option>
                  <option
                    value="71"
                  >
                    71
                  </option>
                  <option
                    value="72"
                  >
                    72
                  </option>
                  <option
                    value="73"
                  >
                    73
                  </option>
                  <option
                    value="74"
                  >
                    74
                  </option>
                  <option
                    value="75"
                  >
                    75
                  </option>
                  <option
                    value="76"
                  >
                    76
                  </option>
                  <option
                    value="77"
                  >
                    77
                  </option>
                  <option
                    value="78"
                  >
                    78
                  </option>
                  <option
                    value="79"
                  >
                    79
                  </option>
                  <option
                    value="80"
                  >
                    80
                  </option>
                  <option
                    value="81"
                  >
                    81
                  </option>
                  <option
                    value="82"
                  >
                    82
                  </option>
                  <option
                    value="83"
                  >
                    83
                  </option>
                  <option
                    value="84"
                  >
                    84
                  </option>
                  <option
                    value="85"
                  >
                    85
                  </option>
                  <option
                    value="86"
                  >
                    86
                  </option>
                  <option
                    value="87"
                  >
                    87
                  </option>
                  <option
                    value="88"
                  >
                    88
                  </option>
                  <option
                    value="89"
                  >
                    89
                  </option>
                  <option
                    value="90"
                  >
                    90
                  </option>
                  <option
                    value="91"
                  >
                    91
                  </option>
                  <option
                    value="92"
                  >
                    92
                  </option>
                  <option
                    value="93"
                  >
                    93
                  </option>
                  <option
                    value="94"
                  >
                    94
                  </option>
                  <option
                    value="95"
                  >
                    95
                  </option>
                  <option
                    value="96"
                  >
                    96
                  </option>
                  <option
                    value="97"
                  >
                    97
                  </option>
                  <option
                    value="98"
                  >
                    98
                  </option>
                  <option
                    value="99"
                  >
                    99
                  </option>
                  <option
                    value="100"
                  >
                    100
                  </option>
                </select>
              </div>
            </div>
            <div>
              <div>
                <label>
                  Number of Months at Address *
                </label>
                <select
                  data-testid="test.metadata.primaryAddress.month"
                  name="metadata.primaryAddress.month"
                >
                  <option
                    value="1"
                  >
                    1
                  </option>
                  <option
                    value="2"
                  >
                    2
                  </option>
                  <option
                    value="3"
                  >
                    3
                  </option>
                  <option
                    value="4"
                  >
                    4
                  </option>
                  <option
                    value="5"
                  >
                    5
                  </option>
                  <option
                    value="6"
                  >
                    6
                  </option>
                  <option
                    value="7"
                  >
                    7
                  </option>
                  <option
                    value="8"
                  >
                    8
                  </option>
                  <option
                    value="9"
                  >
                    9
                  </option>
                  <option
                    value="10"
                  >
                    10
                  </option>
                  <option
                    value="11"
                  >
                    11
                  </option>
                  <option
                    value="12"
                  >
                    12
                  </option>
                </select>
              </div>
            </div>
            <div>
              <div>
                <label>
                  Document Primary Address Type *
                </label>
                <select
                  data-testid="test.metadata.primaryAddress.documentType"
                  name="metadata.primaryAddress.documentType"
                >
                  <option
                    value=""
                  >
                    Please Select
                  </option>
                  <option
                    value="Mortgage Statement or Mortgage Redemption Statement"
                  >
                    Mortgage Statement or Mortgage Redemption Statement
                  </option>
                  <option
                    value="Recent Utility Bill – Gas, Electricity, Water, Telephone (Not mobile phones)"
                  >
                    Recent Utility Bill – Gas, Electricity, Water, Telephone (Not mobile phones)
                  </option>
                  <option
                    value="Current Council Tax Bill"
                  >
                    Current Council Tax Bill
                  </option>
                  <option
                    value="Current Full UK Driving License"
                  >
                    Current Full UK Driving License
                  </option>
                  <option
                    value="Current UK / EU Photocard Driving License with Counterpart"
                  >
                    Current UK / EU Photocard Driving License with Counterpart
                  </option>
                  <option
                    value="House or motor insurance certificate"
                  >
                    House or motor insurance certificate
                  </option>
                  <option
                    value="Current State Pension notification letter"
                  >
                    Current State Pension notification letter
                  </option>
                  <option
                    value="Current Benefits Agency letter"
                  >
                    Current Benefits Agency letter
                  </option>
                  <option
                    value="Bank / Building Society / Statement"
                  >
                    Bank / Building Society / Statement
                  </option>
                  <option
                    value="Solicitor letter confirming completion of house purchase"
                  >
                    Solicitor letter confirming completion of house purchase
                  </option>
                  <option
                    value="Credit Card Statements from main provider"
                  >
                    Credit Card Statements from main provider
                  </option>
                  <option
                    value="HMRC Tax notification documentation (this does not include P60’s)"
                  >
                    HMRC Tax notification documentation (this does not include P60’s)
                  </option>
                  <option
                    value="Account, investment or insurance documents"
                  >
                    Account, investment or insurance documents
                  </option>
                  <option
                    value="Letter from Council Confirming Electoral Roll Listing"
                  >
                    Letter from Council Confirming Electoral Roll Listing
                  </option>
                  <option
                    value="Smartsearch CDD Report"
                  >
                    Smartsearch CDD Report
                  </option>
                </select>
              </div>
            </div>
            <div
              class="el-mt4"
            >
              <div
                class="mock-combined-css-class"
              >
                <label
                  class="mock-combined-css-class"
                >
                  Upload  Primary Address File *
                </label>
                <div>
                  <div
                    class="mock-combined-css-class"
                  >
                    <button
                      class="mock-combined-css-class"
                      type="button"
                    >
                      Change
                    </button>
                    <input
                      accept="image/jpeg, image/png, application/pdf"
                      data-testid="el-file-input"
                      type="file"
                    />
                    <input
                      data-testid="test.metadata.primaryAddress.documentImage"
                      id="test-static-id"
                      name="metadata.primaryAddress.documentImage"
                      value="urlDocumentPrimaryAddress.png"
                    />
                    <div>
                      <span
                        class="mock-combined-css-class"
                      >
                        <svg
                          fill="none"
                          height="1em"
                          viewBox="0 0 20 20"
                          width="1em"
                          xmlns="http://www.w3.org/2000/svg"
                        >
                          <path
                            d="M9.99991 12.4622C11.36 12.4622 12.4627 11.3596 12.4627 9.99949C12.4627 8.63935 11.36 7.53674 9.99991 7.53674C8.63978 7.53674 7.53717 8.63935 7.53717 9.99949C7.53717 11.3596 8.63978 12.4622 9.99991 12.4622Z"
                            fill="currentColor"
                          />
                          <path
                            d="M19.876 9.68749C19.6956 9.49665 15.4049 4.99854 9.99872 4.99854C4.59315 4.99854 0.303011 9.49665 0.123115 9.68749C-0.0409569 9.86275 -0.0409569 10.136 0.123115 10.3105C0.303725 10.5013 4.59399 15.0015 9.99872 15.0015C15.4049 15.0015 19.6969 10.5013 19.876 10.3105C20.0413 10.136 20.0413 9.86132 19.876 9.68749ZM9.99991 13.8067C7.90124 13.8067 6.19389 12.099 6.19389 9.99863C6.19389 7.89996 7.90124 6.1913 9.99991 6.1913C12.0985 6.1913 13.8082 7.89936 13.8082 9.99863C13.8077 12.0978 12.0985 13.8067 9.99991 13.8067ZM6.98189 6.40451C5.95332 7.27008 5.28418 8.55137 5.28418 9.99863C5.28418 11.4453 5.95332 12.7267 6.98189 13.5938C4.13592 12.6785 1.90102 10.7526 1.10219 9.99863C1.90114 9.24549 4.13651 7.31934 6.98189 6.40451ZM13.0194 13.5924C14.0472 12.7262 14.7172 11.4446 14.7172 9.99863C14.7172 8.55267 14.0478 7.27198 13.0185 6.40582C15.8644 7.32112 18.0976 9.24466 18.8969 9.99863C18.0975 10.7519 15.8643 12.6758 13.0194 13.5924Z"
                            fill="currentColor"
                          />
                        </svg>
                      </span>
                      <span
                        class="mock-combined-css-class"
                      >
                        <svg
                          fill="none"
                          height="1em"
                          viewBox="0 0 20 20"
                          width="1em"
                          xmlns="http://www.w3.org/2000/svg"
                        >
                          <path
                            clip-rule="evenodd"
                            d="M0 9.99995C0 4.48591 4.48601 0 9.99995 0C15.514 0 19.9999 4.48591 19.9999 9.99995C19.9999 15.514 15.5139 20 9.99995 20C4.48601 20 0 15.514 0 9.99995ZM14.5467 14.5764C13.9855 15.1412 13.0756 15.1412 12.5144 14.5764L9.99068 12.0361L7.4438 14.5528C6.87745 15.1125 5.9676 15.104 5.41159 14.534C4.85558 13.964 4.86396 13.0482 5.4303 12.4886L7.9583 9.99053L5.45326 7.46918C4.89206 6.90432 4.89206 5.9885 5.45326 5.42364C6.01446 4.85879 6.92435 4.85879 7.48555 5.42364L10.0093 7.96384L12.5562 5.44713C13.1225 4.88749 14.0324 4.89593 14.5884 5.46596C15.1444 6.036 15.136 6.95177 14.5697 7.51141L12.0417 10.0095L14.5467 12.5308C15.1079 13.0957 15.1079 14.0115 14.5467 14.5764Z"
                            fill="currentColor"
                            fill-rule="evenodd"
                          />
                        </svg>
                      </span>
                    </div>
                  </div>
                </div>
              </div>
            </div>
          </div>
          <div>
            <div>
              <button
                class="mock-combined-css-class"
                data-testid="toggler.extend.form"
                type="button"
              >
                Less than 3 Years ?
              </button>
            </div>
          </div>
        </div>
        <footer
          class="el-mt8"
        >
          <div
            class="mock-combined-css-class"
          >
            <p
              class="mock-combined-css-class"
            >
              RPS Ref: 
              MLK16000071
            </p>
            <button
              class="mock-combined-css-class"
              data-testid="save-form"
              type="submit"
            >
              Save
            </button>
          </div>
          <div
            class="el-mt6"
          >
            <p
              class="mock-combined-css-class"
            >
              * Indicates fields that are required in order to 'Complete' this section.
            </p>
          </div>
        </footer>
      </form>
    </div>
  </body>,
  "container": <div>
    <form>
      <div
        class="mock-combined-css-class"
      >
        <div>
          <div>
            <div>
              <input
                id="test-static-id"
                name="primaryAddress.type"
                type="hidden"
                value="urlDocumentPrimaryAddress.png"
              />
            </div>
          </div>
          <div>
            <div>
              <input
                autocomplete="off"
                data-testid="test.primaryAddress.buildingName"
                id="test-static-id"
                name="primaryAddress.buildingName"
                type="text"
              />
              <label
                for="test-static-id"
              >
                Building Name
              </label>
            </div>
          </div>
          <div>
            <div>
              <input
                autocomplete="off"
                data-testid="test.primaryAddress.buildingNumber"
                id="test-static-id"
                name="primaryAddress.buildingNumber"
                type="text"
              />
              <label
                for="test-static-id"
              >
                Building Number
              </label>
            </div>
          </div>
          <div>
            <div>
              <input
                autocomplete="off"
                data-testid="test.primaryAddress.postcode"
                id="test-static-id"
                name="primaryAddress.postcode"
                type="text"
              />
              <label
                for="test-static-id"
              >
                Post Code *
              </label>
            </div>
          </div>
        </div>
        <div>
          <div>
            <div>
              <input
                autocomplete="off"
                data-testid="test.primaryAddress.line1"
                id="test-static-id"
                name="primaryAddress.line1"
                type="text"
              />
              <label
                for="test-static-id"
              >
                Line 1 *
              </label>
            </div>
          </div>
          <div>
            <div>
              <input
                autocomplete="off"
                data-testid="test.primaryAddress.line2"
                id="test-static-id"
                name="primaryAddress.line2"
                type="text"
              />
              <label
                for="test-static-id"
              >
                Line 2
              </label>
            </div>
          </div>
          <div>
            <div>
              <input
                autocomplete="off"
                data-testid="test.primaryAddress.line3"
                id="test-static-id"
                name="primaryAddress.line3"
                type="text"
              />
              <label
                for="test-static-id"
              >
                Line 3 *
              </label>
            </div>
          </div>
          <div>
            <div>
              <input
                autocomplete="off"
                data-testid="test.primaryAddress.line4"
                id="test-static-id"
                name="primaryAddress.line4"
                type="text"
              />
              <label
                for="test-static-id"
              >
                Line 4
              </label>
            </div>
          </div>
        </div>
        <div
          data-testid="option.field.wrapper"
        >
          <div>
            <div>
              <label>
                Number of Years at Address *
              </label>
              <select
                data-testid="test.metadata.primaryAddress.year"
                name="metadata.primaryAddress.year"
              >
                <option
                  value="0"
                >
                  0
                </option>
                <option
                  value="1"
                >
                  1
                </option>
                <option
                  value="2"
                >
                  2
                </option>
                <option
                  value="3"
                >
                  3
                </option>
                <option
                  value="4"
                >
                  4
                </option>
                <option
                  value="5"
                >
                  5
                </option>
                <option
                  value="6"
                >
                  6
                </option>
                <option
                  value="7"
                >
                  7
                </option>
                <option
                  value="8"
                >
                  8
                </option>
                <option
                  value="9"
                >
                  9
                </option>
                <option
                  value="10"
                >
                  10
                </option>
                <option
                  value="11"
                >
                  11
                </option>
                <option
                  value="12"
                >
                  12
                </option>
                <option
                  value="13"
                >
                  13
                </option>
                <option
                  value="14"
                >
                  14
                </option>
                <option
                  value="15"
                >
                  15
                </option>
                <option
                  value="16"
                >
                  16
                </option>
                <option
                  value="17"
                >
                  17
                </option>
                <option
                  value="18"
                >
                  18
                </option>
                <option
                  value="19"
                >
                  19
                </option>
                <option
                  value="20"
                >
                  20
                </option>
                <option
                  value="21"
                >
                  21
                </option>
                <option
                  value="22"
                >
                  22
                </option>
                <option
                  value="23"
                >
                  23
                </option>
                <option
                  value="24"
                >
                  24
                </option>
                <option
                  value="25"
                >
                  25
                </option>
                <option
                  value="26"
                >
                  26
                </option>
                <option
                  value="27"
                >
                  27
                </option>
                <option
                  value="28"
                >
                  28
                </option>
                <option
                  value="29"
                >
                  29
                </option>
                <option
                  value="30"
                >
                  30
                </option>
                <option
                  value="31"
                >
                  31
                </option>
                <option
                  value="32"
                >
                  32
                </option>
                <option
                  value="33"
                >
                  33
                </option>
                <option
                  value="34"
                >
                  34
                </option>
                <option
                  value="35"
                >
                  35
                </option>
                <option
                  value="36"
                >
                  36
                </option>
                <option
                  value="37"
                >
                  37
                </option>
                <option
                  value="38"
                >
                  38
                </option>
                <option
                  value="39"
                >
                  39
                </option>
                <option
                  value="40"
                >
                  40
                </option>
                <option
                  value="41"
                >
                  41
                </option>
                <option
                  value="42"
                >
                  42
                </option>
                <option
                  value="43"
                >
                  43
                </option>
                <option
                  value="44"
                >
                  44
                </option>
                <option
                  value="45"
                >
                  45
                </option>
                <option
                  value="46"
                >
                  46
                </option>
                <option
                  value="47"
                >
                  47
                </option>
                <option
                  value="48"
                >
                  48
                </option>
                <option
                  value="49"
                >
                  49
                </option>
                <option
                  value="50"
                >
                  50
                </option>
                <option
                  value="51"
                >
                  51
                </option>
                <option
                  value="52"
                >
                  52
                </option>
                <option
                  value="53"
                >
                  53
                </option>
                <option
                  value="54"
                >
                  54
                </option>
                <option
                  value="55"
                >
                  55
                </option>
                <option
                  value="56"
                >
                  56
                </option>
                <option
                  value="57"
                >
                  57
                </option>
                <option
                  value="58"
                >
                  58
                </option>
                <option
                  value="59"
                >
                  59
                </option>
                <option
                  value="60"
                >
                  60
                </option>
                <option
                  value="61"
                >
                  61
                </option>
                <option
                  value="62"
                >
                  62
                </option>
                <option
                  value="63"
                >
                  63
                </option>
                <option
                  value="64"
                >
                  64
                </option>
                <option
                  value="65"
                >
                  65
                </option>
                <option
                  value="66"
                >
                  66
                </option>
                <option
                  value="67"
                >
                  67
                </option>
                <option
                  value="68"
                >
                  68
                </option>
                <option
                  value="69"
                >
                  69
                </option>
                <option
                  value="70"
                >
                  70
                </option>
                <option
                  value="71"
                >
                  71
                </option>
                <option
                  value="72"
                >
                  72
                </option>
                <option
                  value="73"
                >
                  73
                </option>
                <option
                  value="74"
                >
                  74
                </option>
                <option
                  value="75"
                >
                  75
                </option>
                <option
                  value="76"
                >
                  76
                </option>
                <option
                  value="77"
                >
                  77
                </option>
                <option
                  value="78"
                >
                  78
                </option>
                <option
                  value="79"
                >
                  79
                </option>
                <option
                  value="80"
                >
                  80
                </option>
                <option
                  value="81"
                >
                  81
                </option>
                <option
                  value="82"
                >
                  82
                </option>
                <option
                  value="83"
                >
                  83
                </option>
                <option
                  value="84"
                >
                  84
                </option>
                <option
                  value="85"
                >
                  85
                </option>
                <option
                  value="86"
                >
                  86
                </option>
                <option
                  value="87"
                >
                  87
                </option>
                <option
                  value="88"
                >
                  88
                </option>
                <option
                  value="89"
                >
                  89
                </option>
                <option
                  value="90"
                >
                  90
                </option>
                <option
                  value="91"
                >
                  91
                </option>
                <option
                  value="92"
                >
                  92
                </option>
                <option
                  value="93"
                >
                  93
                </option>
                <option
                  value="94"
                >
                  94
                </option>
                <option
                  value="95"
                >
                  95
                </option>
                <option
                  value="96"
                >
                  96
                </option>
                <option
                  value="97"
                >
                  97
                </option>
                <option
                  value="98"
                >
                  98
                </option>
                <option
                  value="99"
                >
                  99
                </option>
                <option
                  value="100"
                >
                  100
                </option>
              </select>
            </div>
          </div>
          <div>
            <div>
              <label>
                Number of Months at Address *
              </label>
              <select
                data-testid="test.metadata.primaryAddress.month"
                name="metadata.primaryAddress.month"
              >
                <option
                  value="1"
                >
                  1
                </option>
                <option
                  value="2"
                >
                  2
                </option>
                <option
                  value="3"
                >
                  3
                </option>
                <option
                  value="4"
                >
                  4
                </option>
                <option
                  value="5"
                >
                  5
                </option>
                <option
                  value="6"
                >
                  6
                </option>
                <option
                  value="7"
                >
                  7
                </option>
                <option
                  value="8"
                >
                  8
                </option>
                <option
                  value="9"
                >
                  9
                </option>
                <option
                  value="10"
                >
                  10
                </option>
                <option
                  value="11"
                >
                  11
                </option>
                <option
                  value="12"
                >
                  12
                </option>
              </select>
            </div>
          </div>
          <div>
            <div>
              <label>
                Document Primary Address Type *
              </label>
              <select
                data-testid="test.metadata.primaryAddress.documentType"
                name="metadata.primaryAddress.documentType"
              >
                <option
                  value=""
                >
                  Please Select
                </option>
                <option
                  value="Mortgage Statement or Mortgage Redemption Statement"
                >
                  Mortgage Statement or Mortgage Redemption Statement
                </option>
                <option
                  value="Recent Utility Bill – Gas, Electricity, Water, Telephone (Not mobile phones)"
                >
                  Recent Utility Bill – Gas, Electricity, Water, Telephone (Not mobile phones)
                </option>
                <option
                  value="Current Council Tax Bill"
                >
                  Current Council Tax Bill
                </option>
                <option
                  value="Current Full UK Driving License"
                >
                  Current Full UK Driving License
                </option>
                <option
                  value="Current UK / EU Photocard Driving License with Counterpart"
                >
                  Current UK / EU Photocard Driving License with Counterpart
                </option>
                <option
                  value="House or motor insurance certificate"
                >
                  House or motor insurance certificate
                </option>
                <option
                  value="Current State Pension notification letter"
                >
                  Current State Pension notification letter
                </option>
                <option
                  value="Current Benefits Agency letter"
                >
                  Current Benefits Agency letter
                </option>
                <option
                  value="Bank / Building Society / Statement"
                >
                  Bank / Building Society / Statement
                </option>
                <option
                  value="Solicitor letter confirming completion of house purchase"
                >
                  Solicitor letter confirming completion of house purchase
                </option>
                <option
                  value="Credit Card Statements from main provider"
                >
                  Credit Card Statements from main provider
                </option>
                <option
                  value="HMRC Tax notification documentation (this does not include P60’s)"
                >
                  HMRC Tax notification documentation (this does not include P60’s)
                </option>
                <option
                  value="Account, investment or insurance documents"
                >
                  Account, investment or insurance documents
                </option>
                <option
                  value="Letter from Council Confirming Electoral Roll Listing"
                >
                  Letter from Council Confirming Electoral Roll Listing
                </option>
                <option
                  value="Smartsearch CDD Report"
                >
                  Smartsearch CDD Report
                </option>
              </select>
            </div>
          </div>
          <div
            class="el-mt4"
          >
            <div
              class="mock-combined-css-class"
            >
              <label
                class="mock-combined-css-class"
              >
                Upload  Primary Address File *
              </label>
              <div>
                <div
                  class="mock-combined-css-class"
                >
                  <button
                    class="mock-combined-css-class"
                    type="button"
                  >
                    Change
                  </button>
                  <input
                    accept="image/jpeg, image/png, application/pdf"
                    data-testid="el-file-input"
                    type="file"
                  />
                  <input
                    data-testid="test.metadata.primaryAddress.documentImage"
                    id="test-static-id"
                    name="metadata.primaryAddress.documentImage"
                    value="urlDocumentPrimaryAddress.png"
                  />
                  <div>
                    <span
                      class="mock-combined-css-class"
                    >
                      <svg
                        fill="none"
                        height="1em"
                        viewBox="0 0 20 20"
                        width="1em"
                        xmlns="http://www.w3.org/2000/svg"
                      >
                        <path
                          d="M9.99991 12.4622C11.36 12.4622 12.4627 11.3596 12.4627 9.99949C12.4627 8.63935 11.36 7.53674 9.99991 7.53674C8.63978 7.53674 7.53717 8.63935 7.53717 9.99949C7.53717 11.3596 8.63978 12.4622 9.99991 12.4622Z"
                          fill="currentColor"
                        />
                        <path
                          d="M19.876 9.68749C19.6956 9.49665 15.4049 4.99854 9.99872 4.99854C4.59315 4.99854 0.303011 9.49665 0.123115 9.68749C-0.0409569 9.86275 -0.0409569 10.136 0.123115 10.3105C0.303725 10.5013 4.59399 15.0015 9.99872 15.0015C15.4049 15.0015 19.6969 10.5013 19.876 10.3105C20.0413 10.136 20.0413 9.86132 19.876 9.68749ZM9.99991 13.8067C7.90124 13.8067 6.19389 12.099 6.19389 9.99863C6.19389 7.89996 7.90124 6.1913 9.99991 6.1913C12.0985 6.1913 13.8082 7.89936 13.8082 9.99863C13.8077 12.0978 12.0985 13.8067 9.99991 13.8067ZM6.98189 6.40451C5.95332 7.27008 5.28418 8.55137 5.28418 9.99863C5.28418 11.4453 5.95332 12.7267 6.98189 13.5938C4.13592 12.6785 1.90102 10.7526 1.10219 9.99863C1.90114 9.24549 4.13651 7.31934 6.98189 6.40451ZM13.0194 13.5924C14.0472 12.7262 14.7172 11.4446 14.7172 9.99863C14.7172 8.55267 14.0478 7.27198 13.0185 6.40582C15.8644 7.32112 18.0976 9.24466 18.8969 9.99863C18.0975 10.7519 15.8643 12.6758 13.0194 13.5924Z"
                          fill="currentColor"
                        />
                      </svg>
                    </span>
                    <span
                      class="mock-combined-css-class"
                    >
                      <svg
                        fill="none"
                        height="1em"
                        viewBox="0 0 20 20"
                        width="1em"
                        xmlns="http://www.w3.org/2000/svg"
                      >
                        <path
                          clip-rule="evenodd"
                          d="M0 9.99995C0 4.48591 4.48601 0 9.99995 0C15.514 0 19.9999 4.48591 19.9999 9.99995C19.9999 15.514 15.5139 20 9.99995 20C4.48601 20 0 15.514 0 9.99995ZM14.5467 14.5764C13.9855 15.1412 13.0756 15.1412 12.5144 14.5764L9.99068 12.0361L7.4438 14.5528C6.87745 15.1125 5.9676 15.104 5.41159 14.534C4.85558 13.964 4.86396 13.0482 5.4303 12.4886L7.9583 9.99053L5.45326 7.46918C4.89206 6.90432 4.89206 5.9885 5.45326 5.42364C6.01446 4.85879 6.92435 4.85879 7.48555 5.42364L10.0093 7.96384L12.5562 5.44713C13.1225 4.88749 14.0324 4.89593 14.5884 5.46596C15.1444 6.036 15.136 6.95177 14.5697 7.51141L12.0417 10.0095L14.5467 12.5308C15.1079 13.0957 15.1079 14.0115 14.5467 14.5764Z"
                          fill="currentColor"
                          fill-rule="evenodd"
                        />
                      </svg>
                    </span>
                  </div>
                </div>
              </div>
            </div>
          </div>
        </div>
        <div>
          <div>
            <button
              class="mock-combined-css-class"
              data-testid="toggler.extend.form"
              type="button"
            >
              Less than 3 Years ?
            </button>
          </div>
        </div>
      </div>
      <footer
        class="el-mt8"
      >
        <div
          class="mock-combined-css-class"
        >
          <p
            class="mock-combined-css-class"
          >
            RPS Ref: 
            MLK16000071
          </p>
          <button
            class="mock-combined-css-class"
            data-testid="save-form"
            type="submit"
          >
            Save
          </button>
        </div>
        <div
          class="el-mt6"
        >
          <p
            class="mock-combined-css-class"
          >
            * Indicates fields that are required in order to 'Complete' this section.
          </p>
        </div>
      </footer>
    </form>
  </div>,
  "debug": [Function],
  "findAllByAltText": [Function],
  "findAllByDisplayValue": [Function],
  "findAllByLabelText": [Function],
  "findAllByPlaceholderText": [Function],
  "findAllByRole": [Function],
  "findAllByTestId": [Function],
  "findAllByText": [Function],
  "findAllByTitle": [Function],
  "findByAltText": [Function],
  "findByDisplayValue": [Function],
  "findByLabelText": [Function],
  "findByPlaceholderText": [Function],
  "findByRole": [Function],
  "findByTestId": [Function],
  "findByText": [Function],
  "findByTitle": [Function],
  "getAllByAltText": [Function],
  "getAllByDisplayValue": [Function],
  "getAllByLabelText": [Function],
  "getAllByPlaceholderText": [Function],
  "getAllByRole": [Function],
  "getAllByTestId": [Function],
  "getAllByText": [Function],
  "getAllByTitle": [Function],
  "getByAltText": [Function],
  "getByDisplayValue": [Function],
  "getByLabelText": [Function],
  "getByPlaceholderText": [Function],
  "getByRole": [Function],
  "getByTestId": [Function],
  "getByText": [Function],
  "getByTitle": [Function],
  "queryAllByAltText": [Function],
  "queryAllByDisplayValue": [Function],
  "queryAllByLabelText": [Function],
  "queryAllByPlaceholderText": [Function],
  "queryAllByRole": [Function],
  "queryAllByTestId": [Function],
  "queryAllByText": [Function],
  "queryAllByTitle": [Function],
  "queryByAltText": [Function],
  "queryByDisplayValue": [Function],
  "queryByLabelText": [Function],
  "queryByPlaceholderText": [Function],
  "queryByRole": [Function],
  "queryByTestId": [Function],
  "queryByText": [Function],
  "queryByTitle": [Function],
  "rerender": [Function],
  "unmount": [Function],
}
`;
